{
    "idContraCheque": "mprj/08/2023/1",
    "chaveColeta": "mprj/08/2023",
    "nome": "ADELIA BARBOZA DE CARVALHO",
    "matricula": "02003042",
    "funcao": "PROCURADOR DE JUSTICA",
    "localTrabalho": "1ª PROCURADORIA DE JUSTIÇA JUNTO À 2ª CÂMARA DE DIREITO PÚBLICO",
    "ativo": true,
    "remuneracoes": {
        "remuneracao": [
            {
                "categoria": "REMUNERAÇÃO BÁSICA",
                "item": "Remuneração do cargo efetivo",
                "valor": 37589.95
            },
            {
                "categoria": "REMUNERAÇÃO BÁSICA",
                "item": "Outras verbas remuneratórias, legais ou judiciais",
                "valor": 4060.97,
                "tipoReceita": "O"
            },
            {
                "categoria": "REMUNERAÇÃO EVENTUAL OU TEMPORÁRIA",
                "item": "Função de confiança ou cargo em comissão",
                "tipoReceita": "O"
            },
            {
                "categoria": "REMUNERAÇÃO EVENTUAL OU TEMPORÁRIA",
                "item": "Gratificação natalina",
                "tipoReceita": "O"
            },
            {
                "categoria": "REMUNERAÇÃO EVENTUAL OU TEMPORÁRIA",
                "item": "Férias (1/3 constitucional)",
                "tipoReceita": "O"
            },
            {
                "categoria": "REMUNERAÇÃO EVENTUAL OU TEMPORÁRIA",
                "item": "Abono de permanência",
                "valor": 5831.12,
                "tipoReceita": "O"
            },
            {
                "natureza": "D",
                "categoria": "OBRIGATÓRIOS/LEGAIS",
                "item": "Contribuição previdenciária",
                "valor": -8352.81
            },
            {
                "natureza": "D",
                "categoria": "OBRIGATÓRIOS/LEGAIS",
                "item": "Imposto de renda",
                "valor": -9219.07
            },
            {
                "natureza": "D",
                "categoria": "OBRIGATÓRIOS/LEGAIS",
                "item": "Retenção por teto constitucional"
            },
            {
                "categoria": "VERBAS INDENIZATÓRIAS E OUTRAS REMUNERAÇÕES TEMPORÁRIAS",
                "item": "AUXÍLIO-ALIMENTAÇÃO - 1",
                "valor": 1450.0,
                "tipoReceita": "O"
            },
            {
                "categoria": "VERBAS INDENIZATÓRIAS E OUTRAS REMUNERAÇÕES TEMPORÁRIAS",
                "item": "AUXÍLIO-EDUCAÇÃO - 1",
                "tipoReceita": "O"
            },
            {
                "categoria": "VERBAS INDENIZATÓRIAS E OUTRAS REMUNERAÇÕES TEMPORÁRIAS",
                "item": "AUXÍLIO-SAÚDE - 1",
                "valor": 5311.49,
                "tipoReceita": "O"
            },
            {
                "categoria": "VERBAS INDENIZATÓRIAS E OUTRAS REMUNERAÇÕES TEMPORÁRIAS",
                "item": "CONVERSÃO DE LICENÇA ESPECIAL/PRÊMIO",
                "tipoReceita": "O"
            },
            {
                "categoria": "VERBAS INDENIZATÓRIAS E OUTRAS REMUNERAÇÕES TEMPORÁRIAS",
                "item": "INDENIZAÇÃO DE FÉRIAS NÃO USUFRUÍDAS",
                "tipoReceita": "O"
            },
            {
                "categoria": "VERBAS INDENIZATÓRIAS E OUTRAS REMUNERAÇÕES TEMPORÁRIAS",
                "item": "INDENIZAÇÃO DE TRANSPORTE - 1",
                "valor": 1190.0,
                "tipoReceita": "O"
            },
            {
                "categoria": "VERBAS INDENIZATÓRIAS E OUTRAS REMUNERAÇÕES TEMPORÁRIAS",
                "item": "INDENIZAÇÃO POR LICENÇA NÃO GOZADA",
                "valor": 12529.97,
                "tipoReceita": "O"
            },
            {
                "categoria": "VERBAS INDENIZATÓRIAS E OUTRAS REMUNERAÇÕES TEMPORÁRIAS",
                "item": "AUXÍLIO-ALIMENTAÇÃO",
                "tipoReceita": "O"
            },
            {
                "categoria": "VERBAS INDENIZATÓRIAS E OUTRAS REMUNERAÇÕES TEMPORÁRIAS",
                "item": "AUXÍLIO-EDUCAÇÃO",
                "tipoReceita": "O"
            },
            {
                "categoria": "VERBAS INDENIZATÓRIAS E OUTRAS REMUNERAÇÕES TEMPORÁRIAS",
                "item": "AUXÍLIO-SAÚDE",
                "tipoReceita": "O"
            },
            {
                "categoria": "VERBAS INDENIZATÓRIAS E OUTRAS REMUNERAÇÕES TEMPORÁRIAS",
                "item": "DIFERENÇAS DE AUXÍLIOS",
                "tipoReceita": "O"
            },
            {
                "categoria": "VERBAS INDENIZATÓRIAS E OUTRAS REMUNERAÇÕES TEMPORÁRIAS",
                "item": "GRATIFICAÇÕES EVENTUAIS",
                "tipoReceita": "O"
            },
            {
                "categoria": "VERBAS INDENIZATÓRIAS E OUTRAS REMUNERAÇÕES TEMPORÁRIAS",
                "item": "INDENIZAÇÃO DE TRANSPORTE",
                "tipoReceita": "O"
            },
            {
                "categoria": "VERBAS INDENIZATÓRIAS E OUTRAS REMUNERAÇÕES TEMPORÁRIAS",
                "item": "PARCELAS PAGAS EM ATRASO",
                "valor": 32931.28,
                "tipoReceita": "O"
            }
        ]
    }
}