{
    "idContraCheque": "mpes/04/2021/1",
    "chaveColeta": "mpes/04/2021",
    "nome": "ADELCION CALIMAN",
    "matricula": "1001",
    "funcao": "PROMOTOR DE JUSTIÇA",
    "localTrabalho": "PJ CRIMINAL DE VITÓRIA",
    "ativo": true,
    "remuneracoes": {
        "remuneracao": [
            {
                "categoria": "REMUNERAÇÃO BÁSICA",
                "item": "Remunerção do Cargo Efetivo",
                "valor": 33689.11
            },
            {
                "categoria": "REMUNERAÇÃO BÁSICA",
                "item": "Outras Verbas Remuneratórias, Legais ou Judiciais",
                "valor": 112.3,
                "tipoReceita": "O"
            },
            {
                "categoria": "REMUNERAÇÃO EVENTUAL OU TEMPORÁRIA",
                "item": "Função de Confiança ou Cargo em Comissão",
                "tipoReceita": "O"
            },
            {
                "categoria": "REMUNERAÇÃO EVENTUAL OU TEMPORÁRIA",
                "item": "Gratificação Natalina",
                "tipoReceita": "O"
            },
            {
                "categoria": "REMUNERAÇÃO EVENTUAL OU TEMPORÁRIA",
                "item": "Férias (1/3 constitucional)",
                "tipoReceita": "O"
            },
            {
                "categoria": "REMUNERAÇÃO EVENTUAL OU TEMPORÁRIA",
                "item": "Abono de Permanência",
                "valor": 4716.48,
                "tipoReceita": "O"
            },
            {
                "natureza": "D",
                "categoria": "OBRIGATÓRIOS/LEGAIS",
                "item": "Contribuição Previdenciária",
                "valor": -4716.48
            },
            {
                "natureza": "D",
                "categoria": "OBRIGATÓRIOS/LEGAIS",
                "item": "Imposto de Renda",
                "valor": -6207.25
            },
            {
                "natureza": "D",
                "categoria": "OBRIGATÓRIOS/LEGAIS",
                "item": "Retenção por Teto Constitucional CONSTITUCIONAL"
            },
            {
                "categoria": "VERBAS INDENIZATÓRIAS E OUTRAS REMUNERAÇÕES TEMPORÁRIAS",
                "item": "CARTÃO ALIMENTAÇÃO",
                "valor": 2240.33,
                "tipoReceita": "O"
            },
            {
                "categoria": "VERBAS INDENIZATÓRIAS E OUTRAS REMUNERAÇÕES TEMPORÁRIAS",
                "item": "FÉRIAS INDENIZATÓRIAS",
                "tipoReceita": "O"
            },
            {
                "categoria": "VERBAS INDENIZATÓRIAS E OUTRAS REMUNERAÇÕES TEMPORÁRIAS",
                "item": "FÉRIAS PRÊMIO",
                "valor": 11229.7,
                "tipoReceita": "O"
            },
            {
                "categoria": "VERBAS INDENIZATÓRIAS E OUTRAS REMUNERAÇÕES TEMPORÁRIAS",
                "item": "AUXÍLIO-SAÚDE",
                "valor": 514.58,
                "tipoReceita": "O"
            },
            {
                "categoria": "VERBAS INDENIZATÓRIAS E OUTRAS REMUNERAÇÕES TEMPORÁRIAS",
                "item": "PLANTÃO",
                "tipoReceita": "O"
            }
        ]
    }
}