{
    "idContraCheque": "mpes/01/2022/1",
    "chaveColeta": "mpes/01/2022",
    "nome": "ADELCION CALIMAN",
    "matricula": "1001",
    "funcao": "PROMOTOR DE JUSTIÇA",
    "localTrabalho": "PJ CRIMINAL DE VITÓRIA",
    "ativo": true,
    "remuneracoes": {
        "remuneracao": [
            {
                "categoria": "REMUNERAÇÃO BÁSICA",
                "item": "Remunerção do Cargo Efetivo",
                "valor": 33689.11
            },
            {
                "categoria": "REMUNERAÇÃO BÁSICA",
                "item": "Outras Verbas Remuneratórias, Legais ou Judiciais",
                "valor": 4828.9,
                "tipoReceita": "O"
            },
            {
                "categoria": "REMUNERAÇÃO EVENTUAL OU TEMPORÁRIA",
                "item": "Função de Confiança ou Cargo em Comissão",
                "tipoReceita": "O"
            },
            {
                "categoria": "REMUNERAÇÃO EVENTUAL OU TEMPORÁRIA",
                "item": "Gratificação Natalina",
                "valor": 205.88,
                "tipoReceita": "O"
            },
            {
                "categoria": "REMUNERAÇÃO EVENTUAL OU TEMPORÁRIA",
                "item": "Férias (1/3 constitucional)",
                "tipoReceita": "O"
            },
            {
                "categoria": "REMUNERAÇÃO EVENTUAL OU TEMPORÁRIA",
                "item": "Abono de Permanência",
                "valor": 4716.48,
                "tipoReceita": "O"
            },
            {
                "natureza": "D",
                "categoria": "OBRIGATÓRIOS/LEGAIS",
                "item": "Contribuição Previdenciária",
                "valor": -4716.48
            },
            {
                "natureza": "D",
                "categoria": "OBRIGATÓRIOS/LEGAIS",
                "item": "Imposto de Renda",
                "valor": -8748.93
            },
            {
                "natureza": "D",
                "categoria": "OBRIGATÓRIOS/LEGAIS",
                "item": "Retenção por Teto Constitucional CONSTITUCIONAL"
            },
            {
                "categoria": "VERBAS INDENIZATÓRIAS",
                "item": "Cartão alimentação",
                "valor": 2240.33,
                "tipoReceita": "O"
            },
            {
                "categoria": "OUTRAS REMUNERAÇÕES TEMPORÁRIAS",
                "item": "Plantão",
                "tipoReceita": "O"
            },
            {
                "categoria": "VERBAS INDENIZATÓRIAS",
                "item": "Férias indenizatórias",
                "valor": 8411.06,
                "tipoReceita": "O"
            },
            {
                "categoria": "VERBAS INDENIZATÓRIAS",
                "item": "Abono férias indenizatórias",
                "valor": 18023.7,
                "tipoReceita": "O"
            },
            {
                "categoria": "VERBAS INDENIZATÓRIAS",
                "item": "Auxílio saúde",
                "valor": 535.16,
                "tipoReceita": "O"
            }
        ]
    }
}