{
    "idContraCheque": "mprj/10/2022/1",
    "chaveColeta": "mprj/10/2022",
    "nome": "ADELIA BARBOZA DE CARVALHO",
    "matricula": "02003042",
    "funcao": "PROCURADOR DE JUSTICA",
    "localTrabalho": "1ª PROCURADORIA DE JUSTIÇA JUNTO À 10ª CÂMARA CÍVEL DO TRIBUNAL DE JUSTIÇA DO ESTADO DO RIO DE JANEIRO",
    "ativo": true,
    "remuneracoes": {
        "remuneracao": [
            {
                "categoria": "REMUNERAÇÃO BÁSICA",
                "item": "Remuneração do cargo efetivo",
                "valor": 35462.22
            },
            {
                "categoria": "REMUNERAÇÃO BÁSICA",
                "item": "Outras verbas remuneratórias, legais ou judiciais",
                "valor": 3831.1,
                "tipoReceita": "O"
            },
            {
                "categoria": "REMUNERAÇÃO EVENTUAL OU TEMPORÁRIA",
                "item": "Função de confiança ou cargo em comissão",
                "tipoReceita": "O"
            },
            {
                "categoria": "REMUNERAÇÃO EVENTUAL OU TEMPORÁRIA",
                "item": "Gratificação natalina",
                "tipoReceita": "O"
            },
            {
                "categoria": "REMUNERAÇÃO EVENTUAL OU TEMPORÁRIA",
                "item": "Férias (1/3 constitucional)",
                "valor": 4365.92,
                "tipoReceita": "O"
            },
            {
                "categoria": "REMUNERAÇÃO EVENTUAL OU TEMPORÁRIA",
                "item": "Abono de permanência",
                "valor": 5501.06,
                "tipoReceita": "O"
            },
            {
                "natureza": "D",
                "categoria": "OBRIGATÓRIOS/LEGAIS",
                "item": "Contribuição previdenciária",
                "valor": -5501.06
            },
            {
                "natureza": "D",
                "categoria": "OBRIGATÓRIOS/LEGAIS",
                "item": "Imposto de renda",
                "valor": -8769.71
            },
            {
                "natureza": "D",
                "categoria": "OBRIGATÓRIOS/LEGAIS",
                "item": "Retenção por teto constitucional"
            },
            {
                "categoria": "VERBAS INDENIZATÓRIAS E OUTRAS REMUNERAÇÕES TEMPORÁRIAS",
                "item": "AUXÍLIO-ALIMENTAÇÃO - 1",
                "valor": 1450.0,
                "tipoReceita": "O"
            },
            {
                "categoria": "VERBAS INDENIZATÓRIAS E OUTRAS REMUNERAÇÕES TEMPORÁRIAS",
                "item": "AUXÍLIO-EDUCAÇÃO - 1",
                "tipoReceita": "O"
            },
            {
                "categoria": "VERBAS INDENIZATÓRIAS E OUTRAS REMUNERAÇÕES TEMPORÁRIAS",
                "item": "AUXÍLIO-SAÚDE - 1",
                "valor": 4420.38,
                "tipoReceita": "O"
            },
            {
                "categoria": "VERBAS INDENIZATÓRIAS E OUTRAS REMUNERAÇÕES TEMPORÁRIAS",
                "item": "CONVERSÃO DE LICENÇA ESPECIAL/PRÊMIO",
                "tipoReceita": "O"
            },
            {
                "categoria": "VERBAS INDENIZATÓRIAS E OUTRAS REMUNERAÇÕES TEMPORÁRIAS",
                "item": "INDENIZAÇÃO DE FÉRIAS NÃO USUFRUÍDAS",
                "tipoReceita": "O"
            },
            {
                "categoria": "VERBAS INDENIZATÓRIAS E OUTRAS REMUNERAÇÕES TEMPORÁRIAS",
                "item": "INDENIZAÇÃO DE TRANSPORTE - 1",
                "valor": 793.33,
                "tipoReceita": "O"
            },
            {
                "categoria": "VERBAS INDENIZATÓRIAS E OUTRAS REMUNERAÇÕES TEMPORÁRIAS",
                "item": "INDENIZAÇÃO POR LICENÇA NÃO GOZADA",
                "tipoReceita": "O"
            },
            {
                "categoria": "VERBAS INDENIZATÓRIAS E OUTRAS REMUNERAÇÕES TEMPORÁRIAS",
                "item": "AUXÍLIO-ALIMENTAÇÃO",
                "tipoReceita": "O"
            },
            {
                "categoria": "VERBAS INDENIZATÓRIAS E OUTRAS REMUNERAÇÕES TEMPORÁRIAS",
                "item": "AUXÍLIO-EDUCAÇÃO",
                "tipoReceita": "O"
            },
            {
                "categoria": "VERBAS INDENIZATÓRIAS E OUTRAS REMUNERAÇÕES TEMPORÁRIAS",
                "item": "DIFERENÇAS DE AUXÍLIOS",
                "tipoReceita": "O"
            },
            {
                "categoria": "VERBAS INDENIZATÓRIAS E OUTRAS REMUNERAÇÕES TEMPORÁRIAS",
                "item": "GRATIFICAÇÕES EVENTUAIS",
                "tipoReceita": "O"
            },
            {
                "categoria": "VERBAS INDENIZATÓRIAS E OUTRAS REMUNERAÇÕES TEMPORÁRIAS",
                "item": "INDENIZAÇÃO DE TRANSPORTE",
                "tipoReceita": "O"
            },
            {
                "categoria": "VERBAS INDENIZATÓRIAS E OUTRAS REMUNERAÇÕES TEMPORÁRIAS",
                "item": "PARCELAS PAGAS EM ATRASO",
                "valor": 22500.0,
                "tipoReceita": "O"
            }
        ]
    }
}