{
    "idContraCheque": "mpac/07/2021/1",
    "chaveColeta": "mpac/07/2021",
    "nome": "ABELARDO TOWNES DE CASTRO JUNIOR",
    "matricula": "36461",
    "funcao": "PROMOTOR DE JUST DE ENTRANCIA FINAL",
    "localTrabalho": "14 PROMOTORIA DE JUSTICA CRIMINAL",
    "ativo": true,
    "remuneracoes": {
        "remuneracao": [
            {
                "categoria": "REMUNERAÇÃO BÁSICA",
                "item": "Remuneração do Cargo Efetivo",
                "valor": 33689.11
            },
            {
                "categoria": "REMUNERAÇÃO BÁSICA",
                "item": "Outras Verbas Remuneratórias, Legais ou Judiciais",
                "tipoReceita": "O"
            },
            {
                "categoria": "REMUNERAÇÃO EVENTUAL OU TEMPORÁRIA",
                "item": "Função de Confiança ou Cargo em Comissão",
                "tipoReceita": "O"
            },
            {
                "categoria": "REMUNERAÇÃO EVENTUAL OU TEMPORÁRIA",
                "item": "Gratificação Natalina",
                "tipoReceita": "O"
            },
            {
                "categoria": "REMUNERAÇÃO EVENTUAL OU TEMPORÁRIA",
                "item": "Férias (1/3 constitucional)",
                "tipoReceita": "O"
            },
            {
                "categoria": "REMUNERAÇÃO EVENTUAL OU TEMPORÁRIA",
                "item": "Abono de Permanência",
                "tipoReceita": "O"
            },
            {
                "natureza": "D",
                "categoria": "OBRIGATÓRIOS/LEGAIS",
                "item": "Contribuição Previdenciária",
                "valor": -4716.47
            },
            {
                "natureza": "D",
                "categoria": "OBRIGATÓRIOS/LEGAIS",
                "item": "Imposto de Renda",
                "valor": -6941.7
            },
            {
                "natureza": "D",
                "categoria": "OBRIGATÓRIOS/LEGAIS",
                "item": "Retenção por Teto Constitucional"
            },
            {
                "natureza": "D",
                "categoria": "OBRIGATÓRIOS/LEGAIS",
                "item": "OUTROS",
                "valor": -17369.24
            },
            {
                "categoria": "VERBAS INDENIZATÓRIAS E OUTRAS REMUNERAÇÕES TEMPORÁRIAS",
                "item": "Auxílio Alimentação Membros",
                "valor": 1773.11,
                "tipoReceita": "O"
            },
            {
                "categoria": "VERBAS INDENIZATÓRIAS E OUTRAS REMUNERAÇÕES TEMPORÁRIAS",
                "item": "Auxílio Alimentação Servidores",
                "tipoReceita": "O"
            },
            {
                "categoria": "VERBAS INDENIZATÓRIAS E OUTRAS REMUNERAÇÕES TEMPORÁRIAS",
                "item": "Auxílio Saúde Servidores",
                "tipoReceita": "O"
            },
            {
                "categoria": "VERBAS INDENIZATÓRIAS E OUTRAS REMUNERAÇÕES TEMPORÁRIAS",
                "item": "Auxílio Saúde Pensão",
                "tipoReceita": "O"
            },
            {
                "categoria": "VERBAS INDENIZATÓRIAS E OUTRAS REMUNERAÇÕES TEMPORÁRIAS",
                "item": "Auxílio Saúde Servidores Aposentados",
                "tipoReceita": "O"
            },
            {
                "categoria": "VERBAS INDENIZATÓRIAS E OUTRAS REMUNERAÇÕES TEMPORÁRIAS",
                "item": "Auxílio Saúde",
                "valor": 3368.91,
                "tipoReceita": "O"
            },
            {
                "categoria": "VERBAS INDENIZATÓRIAS E OUTRAS REMUNERAÇÕES TEMPORÁRIAS",
                "item": "Grat por Acumulação de Cargos e Funcões",
                "tipoReceita": "O"
            },
            {
                "categoria": "VERBAS INDENIZATÓRIAS E OUTRAS REMUNERAÇÕES TEMPORÁRIAS",
                "item": "Dif Incor Tributada Exercício Anterior",
                "tipoReceita": "O"
            },
            {
                "categoria": "VERBAS INDENIZATÓRIAS E OUTRAS REMUNERAÇÕES TEMPORÁRIAS",
                "item": "Gratificação de Capacitação Retroativa",
                "tipoReceita": "O"
            },
            {
                "categoria": "VERBAS INDENIZATÓRIAS E OUTRAS REMUNERAÇÕES TEMPORÁRIAS",
                "item": "Dif Substituição Extraquadro",
                "tipoReceita": "O"
            },
            {
                "categoria": "VERBAS INDENIZATÓRIAS E OUTRAS REMUNERAÇÕES TEMPORÁRIAS",
                "item": "Diferença Salarial Retroativo",
                "tipoReceita": "O"
            },
            {
                "categoria": "VERBAS INDENIZATÓRIAS E OUTRAS REMUNERAÇÕES TEMPORÁRIAS",
                "item": "Abono de Permanência Retroativo",
                "tipoReceita": "O"
            },
            {
                "categoria": "VERBAS INDENIZATÓRIAS E OUTRAS REMUNERAÇÕES TEMPORÁRIAS",
                "item": "PAE Tributado",
                "tipoReceita": "O"
            },
            {
                "categoria": "VERBAS INDENIZATÓRIAS E OUTRAS REMUNERAÇÕES TEMPORÁRIAS",
                "item": "CCMP Retroativo",
                "tipoReceita": "O"
            },
            {
                "categoria": "VERBAS INDENIZATÓRIAS E OUTRAS REMUNERAÇÕES TEMPORÁRIAS",
                "item": "Gratificação G.U.A",
                "tipoReceita": "O"
            },
            {
                "categoria": "VERBAS INDENIZATÓRIAS E OUTRAS REMUNERAÇÕES TEMPORÁRIAS",
                "item": "Indenizações Para Inativo Civil",
                "tipoReceita": "O"
            }
        ]
    }
}