{
    "idContraCheque": "mpsp/08/2022/1",
    "chaveColeta": "mpsp/08/2022",
    "nome": "ABNER CASTORINO",
    "matricula": "3725",
    "funcao": "PROMOTOR DE JUSTICA (ENTRANCIA FINAL)",
    "localTrabalho": "PROMOTORIA DE JUSTICA DE SAO BERNARDO DO CAMPO",
    "ativo": true,
    "remuneracoes": {
        "remuneracao": [
            {
                "categoria": "REMUNERAÇÃO BÁSICA",
                "item": "Remuneração Cargo Efetivo",
                "valor": 33689.1
            },
            {
                "categoria": "REMUNERAÇÃO BÁSICA",
                "item": "Outras Verbas Remuneratórias, Legais ou Judiciais",
                "tipoReceita": "O"
            },
            {
                "categoria": "REMUNERAÇÃO EVENTUAL OU TEMPORÁRIA",
                "item": "Função de Confiança ou Cargo em Comissão",
                "tipoReceita": "O"
            },
            {
                "categoria": "REMUNERAÇÃO EVENTUAL OU TEMPORÁRIA",
                "item": "Gratificação Natalina",
                "tipoReceita": "O"
            },
            {
                "categoria": "REMUNERAÇÃO EVENTUAL OU TEMPORÁRIA",
                "item": "Férias (1/3 Constitucional)",
                "tipoReceita": "O"
            },
            {
                "categoria": "REMUNERAÇÃO EVENTUAL OU TEMPORÁRIA",
                "item": "Abono de Permanência",
                "tipoReceita": "O"
            },
            {
                "natureza": "D",
                "categoria": "OBRIGATÓRIOS/LEGAIS",
                "item": "Contribuição Previdenciária",
                "valor": -5405.889999999999
            },
            {
                "natureza": "D",
                "categoria": "OBRIGATÓRIOS/LEGAIS",
                "item": "Imposto de Renda",
                "valor": -7730.08
            },
            {
                "natureza": "D",
                "categoria": "OBRIGATÓRIOS/LEGAIS",
                "item": "Retenção por Teto Constitucional"
            },
            {
                "categoria": "VERBAS INDENIZATÓRIAS E OUTRAS REMUNERAÇÕES TEMPORÁRIAS",
                "item": "Auxílio Alimentação",
                "valor": 1100.0,
                "tipoReceita": "O"
            },
            {
                "categoria": "VERBAS INDENIZATÓRIAS E OUTRAS REMUNERAÇÕES TEMPORÁRIAS",
                "item": "Férias em Pecúnia",
                "valor": 7486.46,
                "tipoReceita": "O"
            },
            {
                "categoria": "VERBAS INDENIZATÓRIAS E OUTRAS REMUNERAÇÕES TEMPORÁRIAS",
                "item": "Licença Prêmio em Pecúnia",
                "tipoReceita": "O"
            },
            {
                "categoria": "VERBAS INDENIZATÓRIAS E OUTRAS REMUNERAÇÕES TEMPORÁRIAS",
                "item": "Assistência Saúde",
                "valor": 3368.91,
                "tipoReceita": "O"
            },
            {
                "categoria": "VERBAS INDENIZATÓRIAS E OUTRAS REMUNERAÇÕES TEMPORÁRIAS",
                "item": "Gratificação Cumulativa",
                "valor": 1608.98,
                "tipoReceita": "O"
            },
            {
                "categoria": "VERBAS INDENIZATÓRIAS E OUTRAS REMUNERAÇÕES TEMPORÁRIAS",
                "item": "Gratificação de Natureza Especial",
                "tipoReceita": "O"
            }
        ]
    }
}